0 verbose cli /usr/local/bin/node /usr/local/bin/npm
1 info using npm@10.8.2
2 info using node@v20.19.0
3 silly config load:file:/usr/local/lib/node_modules/npm/npmrc
4 silly config load:file:/data/.npmrc
5 silly config load:file:/usr/src/node-red/.npmrc
6 silly config load:file:/usr/local/etc/npmrc
7 verbose title npm install node-red-contrib-http-multipart@0.3.2
8 verbose argv "install" "--no-audit" "--no-update-notifier" "--no-fund" "--save" "--save-prefix" "~" "--omit" "dev" "--engine-strict" "node-red-contrib-http-multipart@0.3.2"
9 verbose logfile logs-max:10 dir:/data/.npm/_logs/2025-07-09T15_53_31_982Z-
10 verbose logfile /data/.npm/_logs/2025-07-09T15_53_31_982Z-debug-0.log
11 silly packumentCache heap:4345298944 maxSize:1086324736 maxEntrySize:543162368
12 silly logfile done cleaning log files
13 silly idealTree buildDeps
14 silly fetch manifest node-red-contrib-http-multipart@0.3.2
15 silly packumentCache full:https://registry.npmjs.org/node-red-contrib-http-multipart cache-miss
16 http fetch GET 200 https://registry.npmjs.org/node-red-contrib-http-multipart 721ms (cache miss)
17 silly packumentCache full:https://registry.npmjs.org/node-red-contrib-http-multipart set size:undefined disposed:false
18 silly placeDep ROOT node-red-contrib-http-multipart@0.3.2 OK for: node-red-project@0.0.1 want: 0.3.2
19 silly fetch manifest body-parser@^1.15.2
20 silly packumentCache full:https://registry.npmjs.org/body-parser cache-miss
21 silly fetch manifest connect-busboy@0.0.2
22 silly packumentCache full:https://registry.npmjs.org/connect-busboy cache-miss
23 silly fetch manifest formidable@^1.0.17
24 silly packumentCache full:https://registry.npmjs.org/formidable cache-miss
25 silly fetch manifest is-utf8@^0.2.1
26 silly packumentCache full:https://registry.npmjs.org/is-utf8 cache-miss
27 silly fetch manifest media-typer@^0.3.0
28 silly packumentCache full:https://registry.npmjs.org/media-typer cache-miss
29 silly fetch manifest multer@^1.2.0
30 silly packumentCache full:https://registry.npmjs.org/multer cache-miss
31 silly fetch manifest raw-body@^2.1.7
32 silly packumentCache full:https://registry.npmjs.org/raw-body cache-miss
33 http fetch GET 200 https://registry.npmjs.org/body-parser 36ms (cache miss)
34 silly packumentCache full:https://registry.npmjs.org/body-parser set size:undefined disposed:false
35 http fetch GET 200 https://registry.npmjs.org/formidable 58ms (cache miss)
36 silly packumentCache full:https://registry.npmjs.org/formidable set size:undefined disposed:false
37 http fetch GET 200 https://registry.npmjs.org/media-typer 62ms (cache miss)
38 silly packumentCache full:https://registry.npmjs.org/media-typer set size:undefined disposed:false
39 http fetch GET 200 https://registry.npmjs.org/multer 63ms (cache miss)
40 silly packumentCache full:https://registry.npmjs.org/multer set size:undefined disposed:false
41 http fetch GET 200 https://registry.npmjs.org/is-utf8 65ms (cache miss)
42 silly packumentCache full:https://registry.npmjs.org/is-utf8 set size:undefined disposed:false
43 http fetch GET 200 https://registry.npmjs.org/raw-body 69ms (cache miss)
44 silly packumentCache full:https://registry.npmjs.org/raw-body set size:undefined disposed:false
45 http fetch GET 200 https://registry.npmjs.org/connect-busboy 704ms (cache miss)
46 silly packumentCache full:https://registry.npmjs.org/connect-busboy set size:undefined disposed:false
47 silly placeDep ROOT body-parser@1.20.3 OK for: node-red-contrib-http-multipart@0.3.2 want: ^1.15.2
48 silly placeDep ROOT connect-busboy@0.0.2 OK for: node-red-contrib-http-multipart@0.3.2 want: 0.0.2
49 silly placeDep ROOT formidable@1.2.6 OK for: node-red-contrib-http-multipart@0.3.2 want: ^1.0.17
50 silly placeDep ROOT is-utf8@0.2.1 OK for: node-red-contrib-http-multipart@0.3.2 want: ^0.2.1
51 silly placeDep ROOT media-typer@0.3.0 OK for: node-red-contrib-http-multipart@0.3.2 want: ^0.3.0
52 silly placeDep ROOT multer@1.4.4 OK for: node-red-contrib-http-multipart@0.3.2 want: ^1.2.0
53 silly placeDep ROOT raw-body@2.5.2 OK for: node-red-contrib-http-multipart@0.3.2 want: ^2.1.7
54 silly fetch manifest qs@6.13.0
55 silly packumentCache full:https://registry.npmjs.org/qs cache-miss
56 silly fetch manifest unpipe@1.0.0
57 silly packumentCache full:https://registry.npmjs.org/unpipe cache-miss
58 silly fetch manifest type-is@~1.6.18
59 silly packumentCache full:https://registry.npmjs.org/type-is cache-miss
60 silly fetch manifest raw-body@2.5.2
61 silly packumentCache full:https://registry.npmjs.org/raw-body cache-miss
62 silly fetch manifest iconv-lite@0.4.24
63 silly packumentCache full:https://registry.npmjs.org/iconv-lite cache-miss
64 silly fetch manifest content-type@~1.0.5
65 silly packumentCache full:https://registry.npmjs.org/content-type cache-miss
66 silly fetch manifest busboy@*
67 silly packumentCache full:https://registry.npmjs.org/busboy cache-miss
68 silly fetch manifest xtend@^4.0.0
69 silly packumentCache full:https://registry.npmjs.org/xtend cache-miss
70 silly fetch manifest busboy@^0.2.11
71 silly packumentCache full:https://registry.npmjs.org/busboy cache-miss
72 silly fetch manifest mkdirp@^0.5.4
73 silly packumentCache full:https://registry.npmjs.org/mkdirp cache-miss
74 silly fetch manifest type-is@^1.6.4
75 silly packumentCache full:https://registry.npmjs.org/type-is cache-miss
76 silly fetch manifest append-field@^1.0.0
77 silly packumentCache full:https://registry.npmjs.org/append-field cache-miss
78 silly fetch manifest concat-stream@^1.5.2
79 silly packumentCache full:https://registry.npmjs.org/concat-stream cache-miss
80 silly fetch manifest unpipe@1.0.0
81 silly packumentCache full:https://registry.npmjs.org/unpipe cache-miss
82 silly fetch manifest iconv-lite@0.4.24
83 silly packumentCache full:https://registry.npmjs.org/iconv-lite cache-miss
84 http fetch GET 200 https://registry.npmjs.org/raw-body 20ms (cache hit)
85 silly packumentCache full:https://registry.npmjs.org/raw-body set size:108717 disposed:false
86 http fetch GET 200 https://registry.npmjs.org/unpipe 54ms (cache miss)
87 silly packumentCache full:https://registry.npmjs.org/unpipe set size:undefined disposed:false
88 http fetch GET 200 https://registry.npmjs.org/content-type 55ms (cache miss)
89 silly packumentCache full:https://registry.npmjs.org/content-type set size:undefined disposed:false
90 http fetch GET 200 https://registry.npmjs.org/type-is 57ms (cache miss)
91 silly packumentCache full:https://registry.npmjs.org/type-is set size:undefined disposed:false
92 http fetch GET 200 https://registry.npmjs.org/busboy 57ms (cache miss)
93 silly packumentCache full:https://registry.npmjs.org/busboy set size:undefined disposed:false
94 http fetch GET 200 https://registry.npmjs.org/busboy 61ms (cache miss)
95 silly packumentCache full:https://registry.npmjs.org/busboy set size:undefined disposed:false
96 http fetch GET 200 https://registry.npmjs.org/qs 64ms (cache miss)
97 silly packumentCache full:https://registry.npmjs.org/qs set size:undefined disposed:false
98 http fetch GET 200 https://registry.npmjs.org/iconv-lite 65ms (cache miss)
99 silly packumentCache full:https://registry.npmjs.org/iconv-lite set size:undefined disposed:false
100 http fetch GET 200 https://registry.npmjs.org/unpipe 67ms (cache miss)
101 silly packumentCache full:https://registry.npmjs.org/unpipe set size:undefined disposed:false
102 http fetch GET 200 https://registry.npmjs.org/type-is 68ms (cache miss)
103 silly packumentCache full:https://registry.npmjs.org/type-is set size:undefined disposed:false
104 http fetch GET 200 https://registry.npmjs.org/concat-stream 70ms (cache miss)
105 silly packumentCache full:https://registry.npmjs.org/concat-stream set size:undefined disposed:false
106 http fetch GET 200 https://registry.npmjs.org/mkdirp 71ms (cache miss)
107 silly packumentCache full:https://registry.npmjs.org/mkdirp set size:undefined disposed:false
108 http fetch GET 200 https://registry.npmjs.org/iconv-lite 77ms (cache miss)
109 silly packumentCache full:https://registry.npmjs.org/iconv-lite set size:undefined disposed:false
110 http fetch GET 200 https://registry.npmjs.org/xtend 94ms (cache revalidated)
111 silly packumentCache full:https://registry.npmjs.org/xtend set size:28314 disposed:false
112 http fetch GET 200 https://registry.npmjs.org/append-field 706ms (cache miss)
113 silly packumentCache full:https://registry.npmjs.org/append-field set size:undefined disposed:false
114 silly placeDep ROOT content-type@1.0.5 OK for: body-parser@1.20.3 want: ~1.0.5
115 silly placeDep ROOT iconv-lite@0.4.24 OK for: body-parser@1.20.3 want: 0.4.24
116 silly placeDep ROOT qs@6.13.0 OK for: body-parser@1.20.3 want: 6.13.0
117 silly placeDep ROOT type-is@1.6.18 OK for: body-parser@1.20.3 want: ~1.6.18
118 silly placeDep ROOT unpipe@1.0.0 OK for: body-parser@1.20.3 want: 1.0.0
119 silly fetch manifest safer-buffer@>= 2.1.2 < 3
120 silly packumentCache full:https://registry.npmjs.org/safer-buffer cache-miss
121 silly fetch manifest side-channel@^1.0.6
122 silly packumentCache full:https://registry.npmjs.org/side-channel cache-miss
123 http fetch GET 200 https://registry.npmjs.org/side-channel 25ms (cache miss)
124 silly packumentCache full:https://registry.npmjs.org/side-channel set size:undefined disposed:false
125 http fetch GET 200 https://registry.npmjs.org/safer-buffer 27ms (cache miss)
126 silly packumentCache full:https://registry.npmjs.org/safer-buffer set size:undefined disposed:false
127 silly placeDep ROOT busboy@1.6.0 OK for: connect-busboy@0.0.2 want: *
128 silly fetch manifest streamsearch@^1.1.0
129 silly packumentCache full:https://registry.npmjs.org/streamsearch cache-miss
130 http fetch GET 200 https://registry.npmjs.org/streamsearch 27ms (cache miss)
131 silly packumentCache full:https://registry.npmjs.org/streamsearch set size:undefined disposed:false
132 silly placeDep ROOT streamsearch@1.1.0 OK for: busboy@1.6.0 want: ^1.1.0
133 silly placeDep ROOT safer-buffer@2.1.2 OK for: iconv-lite@0.4.24 want: >= 2.1.2 < 3
134 silly placeDep ROOT append-field@1.0.0 OK for: multer@1.4.4 want: ^1.0.0
135 silly placeDep node_modules/multer busboy@0.2.14 OK for: multer@1.4.4 want: ^0.2.11
136 silly placeDep ROOT concat-stream@1.6.2 OK for: multer@1.4.4 want: ^1.5.2
137 silly placeDep ROOT mkdirp@0.5.6 OK for: multer@1.4.4 want: ^0.5.4
138 silly placeDep ROOT xtend@4.0.2 OK for: multer@1.4.4 want: ^4.0.0
139 silly fetch manifest dicer@0.2.5
140 silly packumentCache full:https://registry.npmjs.org/dicer cache-miss
141 silly fetch manifest readable-stream@1.1.x
142 silly packumentCache full:https://registry.npmjs.org/readable-stream cache-miss
143 silly fetch manifest buffer-from@^1.0.0
144 silly packumentCache full:https://registry.npmjs.org/buffer-from cache-miss
145 silly fetch manifest readable-stream@^2.2.2
146 silly packumentCache full:https://registry.npmjs.org/readable-stream cache-miss
147 silly fetch manifest typedarray@^0.0.6
148 silly packumentCache full:https://registry.npmjs.org/typedarray cache-miss
149 silly fetch manifest minimist@^1.2.6
150 silly packumentCache full:https://registry.npmjs.org/minimist cache-miss
151 http fetch GET 200 https://registry.npmjs.org/typedarray 22ms (cache miss)
152 silly packumentCache full:https://registry.npmjs.org/typedarray set size:undefined disposed:false
153 http fetch GET 200 https://registry.npmjs.org/buffer-from 28ms (cache miss)
154 silly packumentCache full:https://registry.npmjs.org/buffer-from set size:undefined disposed:false
155 http fetch GET 200 https://registry.npmjs.org/minimist 31ms (cache miss)
156 silly packumentCache full:https://registry.npmjs.org/minimist set size:undefined disposed:false
157 http fetch GET 200 https://registry.npmjs.org/dicer 34ms (cache miss)
158 silly packumentCache full:https://registry.npmjs.org/dicer set size:undefined disposed:false
159 http fetch GET 200 https://registry.npmjs.org/readable-stream 653ms (cache miss)
160 silly packumentCache full:https://registry.npmjs.org/readable-stream set size:undefined disposed:false
161 http fetch GET 200 https://registry.npmjs.org/readable-stream 656ms (cache miss)
162 silly packumentCache full:https://registry.npmjs.org/readable-stream set size:undefined disposed:false
163 silly placeDep ROOT buffer-from@1.1.2 OK for: concat-stream@1.6.2 want: ^1.0.0
164 silly placeDep ROOT readable-stream@2.3.8 OK for: concat-stream@1.6.2 want: ^2.2.2
165 silly placeDep ROOT typedarray@0.0.6 OK for: concat-stream@1.6.2 want: ^0.0.6
166 silly fetch manifest isarray@~1.0.0
167 silly packumentCache full:https://registry.npmjs.org/isarray cache-miss
168 silly fetch manifest safe-buffer@~5.1.1
169 silly packumentCache full:https://registry.npmjs.org/safe-buffer cache-miss
170 silly fetch manifest core-util-is@~1.0.0
171 silly packumentCache full:https://registry.npmjs.org/core-util-is cache-miss
172 silly fetch manifest string_decoder@~1.1.1
173 silly packumentCache full:https://registry.npmjs.org/string_decoder cache-miss
174 silly fetch manifest util-deprecate@~1.0.1
175 silly packumentCache full:https://registry.npmjs.org/util-deprecate cache-miss
176 silly fetch manifest process-nextick-args@~2.0.0
177 silly packumentCache full:https://registry.npmjs.org/process-nextick-args cache-miss
178 http fetch GET 200 https://registry.npmjs.org/isarray 25ms (cache miss)
179 silly packumentCache full:https://registry.npmjs.org/isarray set size:undefined disposed:false
180 http fetch GET 200 https://registry.npmjs.org/util-deprecate 25ms (cache miss)
181 silly packumentCache full:https://registry.npmjs.org/util-deprecate set size:undefined disposed:false
182 http fetch GET 200 https://registry.npmjs.org/process-nextick-args 40ms (cache miss)
183 silly packumentCache full:https://registry.npmjs.org/process-nextick-args set size:undefined disposed:false
184 http fetch GET 200 https://registry.npmjs.org/string_decoder 48ms (cache miss)
185 silly packumentCache full:https://registry.npmjs.org/string_decoder set size:undefined disposed:false
186 http fetch GET 200 https://registry.npmjs.org/safe-buffer 81ms (cache revalidated)
187 silly packumentCache full:https://registry.npmjs.org/safe-buffer set size:41183 disposed:false
188 http fetch GET 200 https://registry.npmjs.org/core-util-is 703ms (cache miss)
189 silly packumentCache full:https://registry.npmjs.org/core-util-is set size:undefined disposed:false
190 silly placeDep ROOT minimist@1.2.8 OK for: mkdirp@0.5.6 want: ^1.2.6
191 silly placeDep ROOT side-channel@1.1.0 OK for: qs@6.13.0 want: ^1.0.6
192 silly fetch manifest object-inspect@^1.13.3
193 silly packumentCache full:https://registry.npmjs.org/object-inspect cache-miss
194 silly fetch manifest side-channel-list@^1.0.0
195 silly packumentCache full:https://registry.npmjs.org/side-channel-list cache-miss
196 silly fetch manifest side-channel-map@^1.0.1
197 silly packumentCache full:https://registry.npmjs.org/side-channel-map cache-miss
198 silly fetch manifest side-channel-weakmap@^1.0.2
199 silly packumentCache full:https://registry.npmjs.org/side-channel-weakmap cache-miss
200 http fetch GET 200 https://registry.npmjs.org/side-channel-list 24ms (cache miss)
201 silly packumentCache full:https://registry.npmjs.org/side-channel-list set size:undefined disposed:false
202 http fetch GET 200 https://registry.npmjs.org/object-inspect 27ms (cache miss)
203 silly packumentCache full:https://registry.npmjs.org/object-inspect set size:undefined disposed:false
204 http fetch GET 200 https://registry.npmjs.org/side-channel-weakmap 28ms (cache miss)
205 silly packumentCache full:https://registry.npmjs.org/side-channel-weakmap set size:undefined disposed:false
206 http fetch GET 200 https://registry.npmjs.org/side-channel-map 29ms (cache miss)
207 silly packumentCache full:https://registry.npmjs.org/side-channel-map set size:undefined disposed:false
208 silly placeDep ROOT core-util-is@1.0.3 OK for: readable-stream@2.3.8 want: ~1.0.0
209 silly placeDep ROOT isarray@1.0.0 OK for: readable-stream@2.3.8 want: ~1.0.0
210 silly placeDep ROOT process-nextick-args@2.0.1 OK for: readable-stream@2.3.8 want: ~2.0.0
211 silly placeDep node_modules/readable-stream safe-buffer@5.1.2 OK for: readable-stream@2.3.8 want: ~5.1.1
212 silly placeDep ROOT string_decoder@1.1.1 OK for: readable-stream@2.3.8 want: ~1.1.1
213 silly placeDep ROOT util-deprecate@1.0.2 OK for: readable-stream@2.3.8 want: ~1.0.1
214 silly fetch manifest safe-buffer@~5.1.0
215 silly packumentCache full:https://registry.npmjs.org/safe-buffer cache-hit
216 silly placeDep ROOT object-inspect@1.13.4 OK for: side-channel@1.1.0 want: ^1.13.3
217 silly placeDep ROOT side-channel-list@1.0.0 OK for: side-channel@1.1.0 want: ^1.0.0
218 silly placeDep ROOT side-channel-map@1.0.1 OK for: side-channel@1.1.0 want: ^1.0.1
219 silly placeDep ROOT side-channel-weakmap@1.0.2 OK for: side-channel@1.1.0 want: ^1.0.2
220 silly fetch manifest call-bound@^1.0.2
221 silly packumentCache full:https://registry.npmjs.org/call-bound cache-miss
222 silly fetch manifest call-bound@^1.0.2
223 silly packumentCache full:https://registry.npmjs.org/call-bound cache-miss
224 http fetch GET 200 https://registry.npmjs.org/call-bound 25ms (cache miss)
225 silly packumentCache full:https://registry.npmjs.org/call-bound set size:undefined disposed:false
226 http fetch GET 200 https://registry.npmjs.org/call-bound 26ms (cache miss)
227 silly packumentCache full:https://registry.npmjs.org/call-bound set size:undefined disposed:false
228 silly placeDep ROOT call-bound@1.0.4 OK for: side-channel-map@1.0.1 want: ^1.0.2
229 silly placeDep node_modules/string_decoder safe-buffer@5.1.2 OK for: string_decoder@1.1.1 want: ~5.1.0
230 silly placeDep ROOT dicer@0.2.5 OK for: busboy@0.2.14 want: 0.2.5
231 silly placeDep node_modules/multer readable-stream@1.1.14 OK for: busboy@0.2.14 want: 1.1.x
232 silly fetch manifest streamsearch@0.1.2
233 silly packumentCache full:https://registry.npmjs.org/streamsearch cache-miss
234 silly fetch manifest isarray@0.0.1
235 silly packumentCache full:https://registry.npmjs.org/isarray cache-miss
236 silly fetch manifest string_decoder@~0.10.x
237 silly packumentCache full:https://registry.npmjs.org/string_decoder cache-miss
238 http fetch GET 200 https://registry.npmjs.org/streamsearch 3ms (cache hit)
239 silly packumentCache full:https://registry.npmjs.org/streamsearch set size:27372 disposed:false
240 http fetch GET 200 https://registry.npmjs.org/isarray 3ms (cache hit)
241 silly packumentCache full:https://registry.npmjs.org/isarray set size:17392 disposed:false
242 http fetch GET 200 https://registry.npmjs.org/string_decoder 3ms (cache hit)
243 silly packumentCache full:https://registry.npmjs.org/string_decoder set size:28441 disposed:false
244 silly placeDep node_modules/dicer readable-stream@1.1.14 OK for: dicer@0.2.5 want: 1.1.x
245 silly placeDep node_modules/dicer streamsearch@0.1.2 OK for: dicer@0.2.5 want: 0.1.2
246 silly placeDep node_modules/dicer isarray@0.0.1 OK for: readable-stream@1.1.14 want: 0.0.1
247 silly placeDep node_modules/dicer string_decoder@0.10.31 OK for: readable-stream@1.1.14 want: ~0.10.x
248 silly placeDep node_modules/multer isarray@0.0.1 OK for: readable-stream@1.1.14 want: 0.0.1
249 silly placeDep node_modules/multer string_decoder@0.10.31 OK for: readable-stream@1.1.14 want: ~0.10.x
250 silly reify mark retired [ '/data/node_modules/pg/node_modules/xtend' ]
251 silly reify moves {
251 silly reify   '/data/node_modules/pg/node_modules/xtend': '/data/node_modules/pg/node_modules/.xtend-E4Jk0vzR'
251 silly reify }
252 silly tarball no local data for dicer@https://registry.npmjs.org/dicer/-/dicer-0.2.5.tgz. Extracting by manifest.
253 silly tarball no local data for side-channel-map@https://registry.npmjs.org/side-channel-map/-/side-channel-map-1.0.1.tgz. Extracting by manifest.
254 silly tarball no local data for side-channel-weakmap@https://registry.npmjs.org/side-channel-weakmap/-/side-channel-weakmap-1.0.2.tgz. Extracting by manifest.
255 silly tarball no local data for call-bound@https://registry.npmjs.org/call-bound/-/call-bound-1.0.4.tgz. Extracting by manifest.
256 silly tarball no local data for side-channel-list@https://registry.npmjs.org/side-channel-list/-/side-channel-list-1.0.0.tgz. Extracting by manifest.
257 silly tarball no local data for object-inspect@https://registry.npmjs.org/object-inspect/-/object-inspect-1.13.4.tgz. Extracting by manifest.
258 silly tarball no local data for util-deprecate@https://registry.npmjs.org/util-deprecate/-/util-deprecate-1.0.2.tgz. Extracting by manifest.
259 silly tarball no local data for process-nextick-args@https://registry.npmjs.org/process-nextick-args/-/process-nextick-args-2.0.1.tgz. Extracting by manifest.
260 silly tarball no local data for isarray@https://registry.npmjs.org/isarray/-/isarray-1.0.0.tgz. Extracting by manifest.
261 silly tarball no local data for string_decoder@https://registry.npmjs.org/string_decoder/-/string_decoder-1.1.1.tgz. Extracting by manifest.
262 silly tarball no local data for core-util-is@https://registry.npmjs.org/core-util-is/-/core-util-is-1.0.3.tgz. Extracting by manifest.
263 silly tarball no local data for side-channel@https://registry.npmjs.org/side-channel/-/side-channel-1.1.0.tgz. Extracting by manifest.
264 silly tarball no local data for readable-stream@https://registry.npmjs.org/readable-stream/-/readable-stream-2.3.8.tgz. Extracting by manifest.
265 silly tarball no local data for minimist@https://registry.npmjs.org/minimist/-/minimist-1.2.8.tgz. Extracting by manifest.
266 silly tarball no local data for typedarray@https://registry.npmjs.org/typedarray/-/typedarray-0.0.6.tgz. Extracting by manifest.
267 silly tarball no local data for buffer-from@https://registry.npmjs.org/buffer-from/-/buffer-from-1.1.2.tgz. Extracting by manifest.
268 silly tarball no local data for mkdirp@https://registry.npmjs.org/mkdirp/-/mkdirp-0.5.6.tgz. Extracting by manifest.
269 silly tarball no local data for concat-stream@https://registry.npmjs.org/concat-stream/-/concat-stream-1.6.2.tgz. Extracting by manifest.
270 silly tarball no local data for safer-buffer@https://registry.npmjs.org/safer-buffer/-/safer-buffer-2.1.2.tgz. Extracting by manifest.
271 silly tarball no local data for append-field@https://registry.npmjs.org/append-field/-/append-field-1.0.0.tgz. Extracting by manifest.
272 silly tarball no local data for streamsearch@https://registry.npmjs.org/streamsearch/-/streamsearch-1.1.0.tgz. Extracting by manifest.
273 silly tarball no local data for busboy@https://registry.npmjs.org/busboy/-/busboy-1.6.0.tgz. Extracting by manifest.
274 silly tarball no local data for unpipe@https://registry.npmjs.org/unpipe/-/unpipe-1.0.0.tgz. Extracting by manifest.
275 silly tarball no local data for type-is@https://registry.npmjs.org/type-is/-/type-is-1.6.18.tgz. Extracting by manifest.
276 silly tarball no local data for qs@https://registry.npmjs.org/qs/-/qs-6.13.0.tgz. Extracting by manifest.
277 silly tarball no local data for iconv-lite@https://registry.npmjs.org/iconv-lite/-/iconv-lite-0.4.24.tgz. Extracting by manifest.
278 silly tarball no local data for content-type@https://registry.npmjs.org/content-type/-/content-type-1.0.5.tgz. Extracting by manifest.
279 silly tarball no local data for multer@https://registry.npmjs.org/multer/-/multer-1.4.4.tgz. Extracting by manifest.
280 silly tarball no local data for is-utf8@https://registry.npmjs.org/is-utf8/-/is-utf8-0.2.1.tgz. Extracting by manifest.
281 silly tarball no local data for media-typer@https://registry.npmjs.org/media-typer/-/media-typer-0.3.0.tgz. Extracting by manifest.
282 silly tarball no local data for raw-body@https://registry.npmjs.org/raw-body/-/raw-body-2.5.2.tgz. Extracting by manifest.
283 silly tarball no local data for formidable@https://registry.npmjs.org/formidable/-/formidable-1.2.6.tgz. Extracting by manifest.
284 silly tarball no local data for connect-busboy@https://registry.npmjs.org/connect-busboy/-/connect-busboy-0.0.2.tgz. Extracting by manifest.
285 silly tarball no local data for body-parser@https://registry.npmjs.org/body-parser/-/body-parser-1.20.3.tgz. Extracting by manifest.
286 silly tarball no local data for string_decoder@https://registry.npmjs.org/string_decoder/-/string_decoder-0.10.31.tgz. Extracting by manifest.
287 silly tarball no local data for node-red-contrib-http-multipart@https://registry.npmjs.org/node-red-contrib-http-multipart/-/node-red-contrib-http-multipart-0.3.2.tgz. Extracting by manifest.
288 silly tarball no local data for isarray@https://registry.npmjs.org/isarray/-/isarray-0.0.1.tgz. Extracting by manifest.
289 silly tarball no local data for streamsearch@https://registry.npmjs.org/streamsearch/-/streamsearch-0.1.2.tgz. Extracting by manifest.
290 silly tarball no local data for readable-stream@https://registry.npmjs.org/readable-stream/-/readable-stream-1.1.14.tgz. Extracting by manifest.
291 silly tarball no local data for safe-buffer@https://registry.npmjs.org/safe-buffer/-/safe-buffer-5.1.2.tgz. Extracting by manifest.
292 silly tarball no local data for string_decoder@https://registry.npmjs.org/string_decoder/-/string_decoder-0.10.31.tgz. Extracting by manifest.
293 silly tarball no local data for isarray@https://registry.npmjs.org/isarray/-/isarray-0.0.1.tgz. Extracting by manifest.
294 silly tarball no local data for safe-buffer@https://registry.npmjs.org/safe-buffer/-/safe-buffer-5.1.2.tgz. Extracting by manifest.
295 silly tarball no local data for readable-stream@https://registry.npmjs.org/readable-stream/-/readable-stream-1.1.14.tgz. Extracting by manifest.
296 silly tarball no local data for busboy@https://registry.npmjs.org/busboy/-/busboy-0.2.14.tgz. Extracting by manifest.
297 http fetch GET 200 https://registry.npmjs.org/isarray/-/isarray-1.0.0.tgz 134ms (cache miss)
298 http fetch GET 200 https://registry.npmjs.org/string_decoder/-/string_decoder-1.1.1.tgz 139ms (cache miss)
299 http fetch GET 200 https://registry.npmjs.org/process-nextick-args/-/process-nextick-args-2.0.1.tgz 142ms (cache miss)
300 http fetch GET 200 https://registry.npmjs.org/core-util-is/-/core-util-is-1.0.3.tgz 142ms (cache miss)
301 http fetch GET 200 https://registry.npmjs.org/side-channel-list/-/side-channel-list-1.0.0.tgz 149ms (cache miss)
302 http fetch GET 200 https://registry.npmjs.org/side-channel/-/side-channel-1.1.0.tgz 144ms (cache miss)
303 http fetch GET 200 https://registry.npmjs.org/util-deprecate/-/util-deprecate-1.0.2.tgz 150ms (cache miss)
304 http fetch GET 200 https://registry.npmjs.org/mkdirp/-/mkdirp-0.5.6.tgz 144ms (cache miss)
305 http fetch GET 200 https://registry.npmjs.org/side-channel-weakmap/-/side-channel-weakmap-1.0.2.tgz 153ms (cache miss)
306 http fetch GET 200 https://registry.npmjs.org/buffer-from/-/buffer-from-1.1.2.tgz 147ms (cache miss)
307 http fetch GET 200 https://registry.npmjs.org/append-field/-/append-field-1.0.0.tgz 146ms (cache miss)
308 http fetch GET 200 https://registry.npmjs.org/type-is/-/type-is-1.6.18.tgz 146ms (cache miss)
309 http fetch GET 200 https://registry.npmjs.org/streamsearch/-/streamsearch-1.1.0.tgz 147ms (cache miss)
310 http fetch GET 200 https://registry.npmjs.org/concat-stream/-/concat-stream-1.6.2.tgz 150ms (cache miss)
311 http fetch GET 200 https://registry.npmjs.org/is-utf8/-/is-utf8-0.2.1.tgz 146ms (cache miss)
312 http fetch GET 200 https://registry.npmjs.org/side-channel-map/-/side-channel-map-1.0.1.tgz 159ms (cache miss)
313 http fetch GET 200 https://registry.npmjs.org/unpipe/-/unpipe-1.0.0.tgz 150ms (cache miss)
314 http fetch GET 200 https://registry.npmjs.org/multer/-/multer-1.4.4.tgz 149ms (cache miss)
315 http fetch GET 200 https://registry.npmjs.org/content-type/-/content-type-1.0.5.tgz 151ms (cache miss)
316 http fetch GET 200 https://registry.npmjs.org/media-typer/-/media-typer-0.3.0.tgz 150ms (cache miss)
317 http fetch GET 200 https://registry.npmjs.org/connect-busboy/-/connect-busboy-0.0.2.tgz 150ms (cache miss)
318 warn deprecated multer@1.4.4: Multer 1.x is affected by CVE-2022-24434. This is fixed in v1.4.4-lts.1 which drops support for versions of Node.js before 6. Please upgrade to at least Node.js 6 and version 1.4.4-lts.1 of Multer. If you need support for older versions of Node.js, we are open to accepting patches that would fix the CVE on the main 1.x release line, whilst maintaining compatibility with Node.js 0.10.
319 http fetch GET 200 https://registry.npmjs.org/string_decoder/-/string_decoder-0.10.31.tgz 151ms (cache miss)
320 http fetch GET 200 https://registry.npmjs.org/streamsearch/-/streamsearch-0.1.2.tgz 150ms (cache miss)
321 http fetch GET 200 https://registry.npmjs.org/isarray/-/isarray-0.0.1.tgz 151ms (cache miss)
322 http fetch GET 200 https://registry.npmjs.org/safer-buffer/-/safer-buffer-2.1.2.tgz 158ms (cache miss)
323 http fetch GET 200 https://registry.npmjs.org/raw-body/-/raw-body-2.5.2.tgz 154ms (cache miss)
324 http fetch GET 200 https://registry.npmjs.org/string_decoder/-/string_decoder-0.10.31.tgz 152ms (cache miss)
325 http fetch GET 200 https://registry.npmjs.org/isarray/-/isarray-0.0.1.tgz 152ms (cache miss)
326 http fetch GET 200 https://registry.npmjs.org/call-bound/-/call-bound-1.0.4.tgz 167ms (cache miss)
327 http fetch GET 200 https://registry.npmjs.org/typedarray/-/typedarray-0.0.6.tgz 163ms (cache miss)
328 http fetch GET 200 https://registry.npmjs.org/safe-buffer/-/safe-buffer-5.1.2.tgz 154ms (cache miss)
329 http fetch GET 200 https://registry.npmjs.org/body-parser/-/body-parser-1.20.3.tgz 157ms (cache miss)
330 http fetch GET 200 https://registry.npmjs.org/safe-buffer/-/safe-buffer-5.1.2.tgz 156ms (cache miss)
331 http fetch GET 200 https://registry.npmjs.org/formidable/-/formidable-1.2.6.tgz 164ms (cache miss)
332 warn deprecated formidable@1.2.6: Please upgrade to latest, formidable@v2 or formidable@v3! Check these notes: https://bit.ly/2ZEqIau
333 http fetch GET 200 https://registry.npmjs.org/busboy/-/busboy-1.6.0.tgz 169ms (cache miss)
334 http fetch GET 200 https://registry.npmjs.org/readable-stream/-/readable-stream-2.3.8.tgz 175ms (cache miss)
335 http fetch GET 200 https://registry.npmjs.org/readable-stream/-/readable-stream-1.1.14.tgz 170ms (cache miss)
336 http fetch GET 200 https://registry.npmjs.org/readable-stream/-/readable-stream-1.1.14.tgz 168ms (cache miss)
337 http fetch GET 200 https://registry.npmjs.org/minimist/-/minimist-1.2.8.tgz 178ms (cache miss)
338 http fetch GET 200 https://registry.npmjs.org/qs/-/qs-6.13.0.tgz 175ms (cache miss)
339 http fetch GET 200 https://registry.npmjs.org/object-inspect/-/object-inspect-1.13.4.tgz 186ms (cache miss)
340 http fetch GET 200 https://registry.npmjs.org/busboy/-/busboy-0.2.14.tgz 173ms (cache miss)
341 http fetch GET 200 https://registry.npmjs.org/iconv-lite/-/iconv-lite-0.4.24.tgz 181ms (cache miss)
342 http fetch GET 200 https://registry.npmjs.org/dicer/-/dicer-0.2.5.tgz 193ms (cache miss)
343 http fetch GET 200 https://registry.npmjs.org/node-red-contrib-http-multipart/-/node-red-contrib-http-multipart-0.3.2.tgz 710ms (cache miss)
344 silly ADD node_modules/dicer
345 silly ADD node_modules/dicer/node_modules/string_decoder
346 silly ADD node_modules/dicer/node_modules/isarray
347 silly ADD node_modules/dicer/node_modules/streamsearch
348 silly ADD node_modules/dicer/node_modules/readable-stream
349 silly ADD node_modules/call-bound
350 silly ADD node_modules/side-channel-weakmap
351 silly ADD node_modules/side-channel-map
352 silly ADD node_modules/side-channel-list
353 silly ADD node_modules/object-inspect
354 silly ADD node_modules/util-deprecate
355 silly ADD node_modules/string_decoder
356 silly ADD node_modules/string_decoder/node_modules/safe-buffer
357 silly ADD node_modules/process-nextick-args
358 silly ADD node_modules/isarray
359 silly ADD node_modules/core-util-is
360 silly ADD node_modules/side-channel
361 silly ADD node_modules/minimist
362 silly ADD node_modules/typedarray
363 silly ADD node_modules/readable-stream
364 silly ADD node_modules/readable-stream/node_modules/safe-buffer
365 silly ADD node_modules/buffer-from
366 silly ADD node_modules/xtend
367 silly ADD node_modules/mkdirp
368 silly ADD node_modules/concat-stream
369 silly ADD node_modules/append-field
370 silly ADD node_modules/safer-buffer
371 silly ADD node_modules/streamsearch
372 silly ADD node_modules/busboy
373 silly ADD node_modules/unpipe
374 silly ADD node_modules/type-is
375 silly ADD node_modules/qs
376 silly ADD node_modules/iconv-lite
377 silly ADD node_modules/content-type
378 silly ADD node_modules/raw-body
379 silly ADD node_modules/multer
380 silly ADD node_modules/multer/node_modules/string_decoder
381 silly ADD node_modules/multer/node_modules/isarray
382 silly ADD node_modules/multer/node_modules/readable-stream
383 silly ADD node_modules/multer/node_modules/busboy
384 silly ADD node_modules/media-typer
385 silly ADD node_modules/is-utf8
386 silly ADD node_modules/formidable
387 silly ADD node_modules/connect-busboy
388 silly ADD node_modules/body-parser
389 silly ADD node_modules/node-red-contrib-http-multipart
390 silly REMOVE node_modules/pg/node_modules/xtend
391 verbose cwd /data
392 verbose os Linux 6.8.0-60-generic
393 verbose node v20.19.0
394 verbose npm  v10.8.2
395 verbose exit 0
396 info ok
