0 verbose cli /usr/local/bin/node /usr/local/bin/npm
1 info using npm@10.8.2
2 info using node@v20.19.0
3 silly config load:file:/usr/local/lib/node_modules/npm/npmrc
4 silly config load:file:/data/.npmrc
5 silly config load:file:/usr/src/node-red/.npmrc
6 silly config load:file:/usr/local/etc/npmrc
7 verbose title npm install node-red-contrib-multipart-stream-decoder@1.0.0
8 verbose argv "install" "--no-audit" "--no-update-notifier" "--no-fund" "--save" "--save-prefix" "~" "--omit" "dev" "--engine-strict" "node-red-contrib-multipart-stream-decoder@1.0.0"
9 verbose logfile logs-max:10 dir:/data/.npm/_logs/2025-07-09T15_18_04_922Z-
10 verbose logfile /data/.npm/_logs/2025-07-09T15_18_04_922Z-debug-0.log
11 silly packumentCache heap:4345298944 maxSize:1086324736 maxEntrySize:543162368
12 silly logfile done cleaning log files
13 verbose shrinkwrap failed to load node_modules/.package-lock.json out of date, updated: node_modules
14 silly idealTree buildDeps
15 silly fetch manifest node-red-contrib-multipart-stream-decoder@1.0.0
16 silly packumentCache full:https://registry.npmjs.org/node-red-contrib-multipart-stream-decoder cache-miss
17 http fetch GET 200 https://registry.npmjs.org/node-red-contrib-multipart-stream-decoder 1273ms (cache miss)
18 silly packumentCache full:https://registry.npmjs.org/node-red-contrib-multipart-stream-decoder set size:undefined disposed:false
19 silly placeDep ROOT node-red-contrib-multipart-stream-decoder@1.0.0 OK for: node-red-project@0.0.1 want: 1.0.0
20 silly fetch manifest mustache@^2.3.0
21 silly packumentCache full:https://registry.npmjs.org/mustache cache-miss
22 silly fetch manifest auto-parse@^1.3.0
23 silly packumentCache full:https://registry.npmjs.org/auto-parse cache-miss
24 silly fetch manifest node-buffers@^0.1.1
25 silly packumentCache full:https://registry.npmjs.org/node-buffers cache-miss
26 silly fetch manifest axios@^1.2.1
27 silly packumentCache full:https://registry.npmjs.org/axios cache-miss
28 silly fetch manifest @mhoc/axios-digest-auth@^0.8.0
29 silly packumentCache full:https://registry.npmjs.org/@mhoc%2faxios-digest-auth cache-miss
30 http fetch GET 200 https://registry.npmjs.org/axios 49ms (cache miss)
31 silly packumentCache full:https://registry.npmjs.org/axios set size:undefined disposed:false
32 http fetch GET 200 https://registry.npmjs.org/mustache 61ms (cache revalidated)
33 silly packumentCache full:https://registry.npmjs.org/mustache set size:166955 disposed:false
34 http fetch GET 200 https://registry.npmjs.org/node-buffers 737ms (cache miss)
35 silly packumentCache full:https://registry.npmjs.org/node-buffers set size:undefined disposed:false
36 http fetch GET 200 https://registry.npmjs.org/auto-parse 770ms (cache miss)
37 silly packumentCache full:https://registry.npmjs.org/auto-parse set size:undefined disposed:false
38 http fetch GET 200 https://registry.npmjs.org/@mhoc%2faxios-digest-auth 1659ms (cache miss)
39 silly packumentCache full:https://registry.npmjs.org/@mhoc%2faxios-digest-auth set size:undefined disposed:false
40 silly placeDep ROOT @mhoc/axios-digest-auth@0.8.0 OK for: node-red-contrib-multipart-stream-decoder@1.0.0 want: ^0.8.0
41 silly placeDep ROOT auto-parse@1.8.0 OK for: node-red-contrib-multipart-stream-decoder@1.0.0 want: ^1.3.0
42 silly placeDep ROOT axios@1.10.0 OK for: node-red-contrib-multipart-stream-decoder@1.0.0 want: ^1.2.1
43 silly placeDep node_modules/node-red-contrib-multipart-stream-decoder mustache@2.3.2 OK for: node-red-contrib-multipart-stream-decoder@1.0.0 want: ^2.3.0
44 silly placeDep ROOT node-buffers@0.1.1 OK for: node-red-contrib-multipart-stream-decoder@1.0.0 want: ^0.1.1
45 silly fetch manifest axios@0.22.0
46 silly packumentCache full:https://registry.npmjs.org/axios cache-miss
47 silly fetch manifest typpy@2.3.11
48 silly packumentCache full:https://registry.npmjs.org/typpy cache-miss
49 silly fetch manifest follow-redirects@^1.15.6
50 silly packumentCache full:https://registry.npmjs.org/follow-redirects cache-miss
51 silly fetch manifest form-data@^4.0.0
52 silly packumentCache full:https://registry.npmjs.org/form-data cache-miss
53 silly fetch manifest proxy-from-env@^1.1.0
54 silly packumentCache full:https://registry.npmjs.org/proxy-from-env cache-miss
55 http fetch GET 200 https://registry.npmjs.org/axios 7ms (cache hit)
56 silly packumentCache full:https://registry.npmjs.org/axios set size:668703 disposed:false
57 http fetch GET 200 https://registry.npmjs.org/proxy-from-env 32ms (cache miss)
58 silly packumentCache full:https://registry.npmjs.org/proxy-from-env set size:undefined disposed:false
59 http fetch GET 200 https://registry.npmjs.org/form-data 33ms (cache miss)
60 silly packumentCache full:https://registry.npmjs.org/form-data set size:undefined disposed:false
61 http fetch GET 200 https://registry.npmjs.org/follow-redirects 37ms (cache miss)
62 silly packumentCache full:https://registry.npmjs.org/follow-redirects set size:undefined disposed:false
63 http fetch GET 200 https://registry.npmjs.org/typpy 711ms (cache miss)
64 silly packumentCache full:https://registry.npmjs.org/typpy set size:undefined disposed:false
65 silly placeDep node_modules/@mhoc/axios-digest-auth axios@0.22.0 OK for: @mhoc/axios-digest-auth@0.8.0 want: 0.22.0
66 silly fetch manifest follow-redirects@^1.14.4
67 silly packumentCache full:https://registry.npmjs.org/follow-redirects cache-miss
68 http fetch GET 200 https://registry.npmjs.org/follow-redirects 1ms (cache hit)
69 silly packumentCache full:https://registry.npmjs.org/follow-redirects set size:182478 disposed:false
70 silly placeDep ROOT typpy@2.3.11 OK for: auto-parse@1.8.0 want: 2.3.11
71 silly fetch manifest function.name@^1.0.3
72 silly packumentCache full:https://registry.npmjs.org/function.name cache-miss
73 http fetch GET 200 https://registry.npmjs.org/function.name 32ms (cache miss)
74 silly packumentCache full:https://registry.npmjs.org/function.name set size:undefined disposed:false
75 silly placeDep ROOT follow-redirects@1.15.9 OK for: axios@1.10.0 want: ^1.15.6
76 silly placeDep ROOT form-data@4.0.3 OK for: axios@1.10.0 want: ^4.0.0
77 silly placeDep ROOT proxy-from-env@1.1.0 OK for: axios@1.10.0 want: ^1.1.0
78 silly fetch manifest asynckit@^0.4.0
79 silly packumentCache full:https://registry.npmjs.org/asynckit cache-miss
80 silly fetch manifest combined-stream@^1.0.8
81 silly packumentCache full:https://registry.npmjs.org/combined-stream cache-miss
82 silly fetch manifest es-set-tostringtag@^2.1.0
83 silly packumentCache full:https://registry.npmjs.org/es-set-tostringtag cache-miss
84 silly fetch manifest hasown@^2.0.2
85 silly packumentCache full:https://registry.npmjs.org/hasown cache-miss
86 http fetch GET 200 https://registry.npmjs.org/asynckit 24ms (cache miss)
87 silly packumentCache full:https://registry.npmjs.org/asynckit set size:undefined disposed:false
88 http fetch GET 200 https://registry.npmjs.org/hasown 24ms (cache miss)
89 silly packumentCache full:https://registry.npmjs.org/hasown set size:undefined disposed:false
90 http fetch GET 200 https://registry.npmjs.org/es-set-tostringtag 43ms (cache miss)
91 silly packumentCache full:https://registry.npmjs.org/es-set-tostringtag set size:undefined disposed:false
92 http fetch GET 200 https://registry.npmjs.org/combined-stream 65ms (cache miss)
93 silly packumentCache full:https://registry.npmjs.org/combined-stream set size:undefined disposed:false
94 silly placeDep ROOT asynckit@0.4.0 OK for: form-data@4.0.3 want: ^0.4.0
95 silly placeDep ROOT combined-stream@1.0.8 OK for: form-data@4.0.3 want: ^1.0.8
96 silly placeDep ROOT es-set-tostringtag@2.1.0 OK for: form-data@4.0.3 want: ^2.1.0
97 silly placeDep ROOT hasown@2.0.2 OK for: form-data@4.0.3 want: ^2.0.2
98 silly fetch manifest delayed-stream@~1.0.0
99 silly packumentCache full:https://registry.npmjs.org/delayed-stream cache-miss
100 silly fetch manifest es-errors@^1.3.0
101 silly packumentCache full:https://registry.npmjs.org/es-errors cache-miss
102 silly fetch manifest get-intrinsic@^1.2.6
103 silly packumentCache full:https://registry.npmjs.org/get-intrinsic cache-miss
104 silly fetch manifest has-tostringtag@^1.0.2
105 silly packumentCache full:https://registry.npmjs.org/has-tostringtag cache-miss
106 silly fetch manifest function-bind@^1.1.2
107 silly packumentCache full:https://registry.npmjs.org/function-bind cache-miss
108 http fetch GET 200 https://registry.npmjs.org/get-intrinsic 23ms (cache miss)
109 silly packumentCache full:https://registry.npmjs.org/get-intrinsic set size:undefined disposed:false
110 http fetch GET 200 https://registry.npmjs.org/function-bind 25ms (cache miss)
111 silly packumentCache full:https://registry.npmjs.org/function-bind set size:undefined disposed:false
112 http fetch GET 200 https://registry.npmjs.org/es-errors 26ms (cache miss)
113 silly packumentCache full:https://registry.npmjs.org/es-errors set size:undefined disposed:false
114 http fetch GET 200 https://registry.npmjs.org/delayed-stream 42ms (cache miss)
115 silly packumentCache full:https://registry.npmjs.org/delayed-stream set size:undefined disposed:false
116 http fetch GET 200 https://registry.npmjs.org/has-tostringtag 44ms (cache miss)
117 silly packumentCache full:https://registry.npmjs.org/has-tostringtag set size:undefined disposed:false
118 silly placeDep ROOT delayed-stream@1.0.0 OK for: combined-stream@1.0.8 want: ~1.0.0
119 silly placeDep ROOT es-errors@1.3.0 OK for: es-set-tostringtag@2.1.0 want: ^1.3.0
120 silly placeDep ROOT get-intrinsic@1.3.0 OK for: es-set-tostringtag@2.1.0 want: ^1.2.6
121 silly placeDep ROOT has-tostringtag@1.0.2 OK for: es-set-tostringtag@2.1.0 want: ^1.0.2
122 silly fetch manifest call-bind-apply-helpers@^1.0.2
123 silly packumentCache full:https://registry.npmjs.org/call-bind-apply-helpers cache-miss
124 silly fetch manifest es-define-property@^1.0.1
125 silly packumentCache full:https://registry.npmjs.org/es-define-property cache-miss
126 silly fetch manifest es-object-atoms@^1.1.1
127 silly packumentCache full:https://registry.npmjs.org/es-object-atoms cache-miss
128 silly fetch manifest get-proto@^1.0.1
129 silly packumentCache full:https://registry.npmjs.org/get-proto cache-miss
130 silly fetch manifest gopd@^1.2.0
131 silly packumentCache full:https://registry.npmjs.org/gopd cache-miss
132 silly fetch manifest has-symbols@^1.1.0
133 silly packumentCache full:https://registry.npmjs.org/has-symbols cache-miss
134 silly fetch manifest math-intrinsics@^1.1.0
135 silly packumentCache full:https://registry.npmjs.org/math-intrinsics cache-miss
136 silly fetch manifest has-symbols@^1.0.3
137 silly packumentCache full:https://registry.npmjs.org/has-symbols cache-miss
138 http fetch GET 200 https://registry.npmjs.org/call-bind-apply-helpers 38ms (cache miss)
139 silly packumentCache full:https://registry.npmjs.org/call-bind-apply-helpers set size:undefined disposed:false
140 http fetch GET 200 https://registry.npmjs.org/es-object-atoms 35ms (cache miss)
141 silly packumentCache full:https://registry.npmjs.org/es-object-atoms set size:undefined disposed:false
142 http fetch GET 200 https://registry.npmjs.org/get-proto 35ms (cache miss)
143 silly packumentCache full:https://registry.npmjs.org/get-proto set size:undefined disposed:false
144 http fetch GET 200 https://registry.npmjs.org/es-define-property 37ms (cache miss)
145 silly packumentCache full:https://registry.npmjs.org/es-define-property set size:undefined disposed:false
146 http fetch GET 200 https://registry.npmjs.org/gopd 36ms (cache miss)
147 silly packumentCache full:https://registry.npmjs.org/gopd set size:undefined disposed:false
148 http fetch GET 200 https://registry.npmjs.org/math-intrinsics 47ms (cache miss)
149 silly packumentCache full:https://registry.npmjs.org/math-intrinsics set size:undefined disposed:false
150 http fetch GET 200 https://registry.npmjs.org/has-symbols 50ms (cache miss)
151 silly packumentCache full:https://registry.npmjs.org/has-symbols set size:undefined disposed:false
152 http fetch GET 200 https://registry.npmjs.org/has-symbols 59ms (cache miss)
153 silly packumentCache full:https://registry.npmjs.org/has-symbols set size:undefined disposed:false
154 silly placeDep ROOT call-bind-apply-helpers@1.0.2 OK for: get-intrinsic@1.3.0 want: ^1.0.2
155 silly placeDep ROOT es-define-property@1.0.1 OK for: get-intrinsic@1.3.0 want: ^1.0.1
156 silly placeDep ROOT es-object-atoms@1.1.1 OK for: get-intrinsic@1.3.0 want: ^1.1.1
157 silly placeDep ROOT function-bind@1.1.2 OK for: get-intrinsic@1.3.0 want: ^1.1.2
158 silly placeDep ROOT get-proto@1.0.1 OK for: get-intrinsic@1.3.0 want: ^1.0.1
159 silly placeDep ROOT gopd@1.2.0 OK for: get-intrinsic@1.3.0 want: ^1.2.0
160 silly placeDep ROOT has-symbols@1.1.0 OK for: get-intrinsic@1.3.0 want: ^1.1.0
161 silly placeDep ROOT math-intrinsics@1.1.0 OK for: get-intrinsic@1.3.0 want: ^1.1.0
162 silly fetch manifest dunder-proto@^1.0.1
163 silly packumentCache full:https://registry.npmjs.org/dunder-proto cache-miss
164 http fetch GET 200 https://registry.npmjs.org/dunder-proto 22ms (cache miss)
165 silly packumentCache full:https://registry.npmjs.org/dunder-proto set size:undefined disposed:false
166 silly placeDep ROOT dunder-proto@1.0.1 OK for: get-proto@1.0.1 want: ^1.0.1
167 silly placeDep ROOT function.name@1.0.14 OK for: typpy@2.3.11 want: ^1.0.3
168 silly fetch manifest noop6@^1.0.1
169 silly packumentCache full:https://registry.npmjs.org/noop6 cache-miss
170 http fetch GET 200 https://registry.npmjs.org/noop6 666ms (cache miss)
171 silly packumentCache full:https://registry.npmjs.org/noop6 set size:undefined disposed:false
172 silly placeDep ROOT noop6@1.0.10 OK for: function.name@1.0.14 want: ^1.0.1
173 silly reify moves {}
174 silly tarball no local data for noop6@https://registry.npmjs.org/noop6/-/noop6-1.0.10.tgz. Extracting by manifest.
175 silly tarball no local data for function.name@https://registry.npmjs.org/function.name/-/function.name-1.0.14.tgz. Extracting by manifest.
176 silly tarball no local data for dunder-proto@https://registry.npmjs.org/dunder-proto/-/dunder-proto-1.0.1.tgz. Extracting by manifest.
177 silly tarball no local data for math-intrinsics@https://registry.npmjs.org/math-intrinsics/-/math-intrinsics-1.1.0.tgz. Extracting by manifest.
178 silly tarball no local data for has-symbols@https://registry.npmjs.org/has-symbols/-/has-symbols-1.1.0.tgz. Extracting by manifest.
179 silly tarball no local data for gopd@https://registry.npmjs.org/gopd/-/gopd-1.2.0.tgz. Extracting by manifest.
180 silly tarball no local data for get-proto@https://registry.npmjs.org/get-proto/-/get-proto-1.0.1.tgz. Extracting by manifest.
181 silly tarball no local data for function-bind@https://registry.npmjs.org/function-bind/-/function-bind-1.1.2.tgz. Extracting by manifest.
182 silly tarball no local data for es-object-atoms@https://registry.npmjs.org/es-object-atoms/-/es-object-atoms-1.1.1.tgz. Extracting by manifest.
183 silly tarball no local data for es-define-property@https://registry.npmjs.org/es-define-property/-/es-define-property-1.0.1.tgz. Extracting by manifest.
184 silly tarball no local data for call-bind-apply-helpers@https://registry.npmjs.org/call-bind-apply-helpers/-/call-bind-apply-helpers-1.0.2.tgz. Extracting by manifest.
185 silly tarball no local data for has-tostringtag@https://registry.npmjs.org/has-tostringtag/-/has-tostringtag-1.0.2.tgz. Extracting by manifest.
186 silly tarball no local data for get-intrinsic@https://registry.npmjs.org/get-intrinsic/-/get-intrinsic-1.3.0.tgz. Extracting by manifest.
187 silly tarball no local data for es-errors@https://registry.npmjs.org/es-errors/-/es-errors-1.3.0.tgz. Extracting by manifest.
188 silly tarball no local data for delayed-stream@https://registry.npmjs.org/delayed-stream/-/delayed-stream-1.0.0.tgz. Extracting by manifest.
189 silly tarball no local data for hasown@https://registry.npmjs.org/hasown/-/hasown-2.0.2.tgz. Extracting by manifest.
190 silly tarball no local data for es-set-tostringtag@https://registry.npmjs.org/es-set-tostringtag/-/es-set-tostringtag-2.1.0.tgz. Extracting by manifest.
191 silly tarball no local data for combined-stream@https://registry.npmjs.org/combined-stream/-/combined-stream-1.0.8.tgz. Extracting by manifest.
192 silly tarball no local data for asynckit@https://registry.npmjs.org/asynckit/-/asynckit-0.4.0.tgz. Extracting by manifest.
193 silly tarball no local data for proxy-from-env@https://registry.npmjs.org/proxy-from-env/-/proxy-from-env-1.1.0.tgz. Extracting by manifest.
194 silly tarball no local data for form-data@https://registry.npmjs.org/form-data/-/form-data-4.0.3.tgz. Extracting by manifest.
195 silly tarball no local data for follow-redirects@https://registry.npmjs.org/follow-redirects/-/follow-redirects-1.15.9.tgz. Extracting by manifest.
196 silly tarball no local data for typpy@https://registry.npmjs.org/typpy/-/typpy-2.3.11.tgz. Extracting by manifest.
197 silly tarball no local data for node-buffers@https://registry.npmjs.org/node-buffers/-/node-buffers-0.1.1.tgz. Extracting by manifest.
198 silly tarball no local data for axios@https://registry.npmjs.org/axios/-/axios-1.10.0.tgz. Extracting by manifest.
199 silly tarball no local data for auto-parse@https://registry.npmjs.org/auto-parse/-/auto-parse-1.8.0.tgz. Extracting by manifest.
200 silly tarball no local data for @mhoc/axios-digest-auth@https://registry.npmjs.org/@mhoc/axios-digest-auth/-/axios-digest-auth-0.8.0.tgz. Extracting by manifest.
201 silly tarball no local data for node-red-contrib-multipart-stream-decoder@https://registry.npmjs.org/node-red-contrib-multipart-stream-decoder/-/node-red-contrib-multipart-stream-decoder-1.0.0.tgz. Extracting by manifest.
202 silly tarball no local data for axios@https://registry.npmjs.org/axios/-/axios-0.22.0.tgz. Extracting by manifest.
203 silly tarball no local data for mustache@https://registry.npmjs.org/mustache/-/mustache-2.3.2.tgz. Extracting by manifest.
204 http fetch GET 200 https://registry.npmjs.org/get-proto/-/get-proto-1.0.1.tgz 116ms (cache miss)
205 http fetch GET 200 https://registry.npmjs.org/noop6/-/noop6-1.0.10.tgz 121ms (cache miss)
206 http fetch GET 200 https://registry.npmjs.org/dunder-proto/-/dunder-proto-1.0.1.tgz 122ms (cache miss)
207 http fetch GET 200 https://registry.npmjs.org/combined-stream/-/combined-stream-1.0.8.tgz 113ms (cache miss)
208 http fetch GET 200 https://registry.npmjs.org/es-set-tostringtag/-/es-set-tostringtag-2.1.0.tgz 115ms (cache miss)
209 http fetch GET 200 https://registry.npmjs.org/gopd/-/gopd-1.2.0.tgz 124ms (cache miss)
210 http fetch GET 200 https://registry.npmjs.org/function-bind/-/function-bind-1.1.2.tgz 123ms (cache miss)
211 http fetch GET 200 https://registry.npmjs.org/function.name/-/function.name-1.0.14.tgz 126ms (cache miss)
212 http fetch GET 200 https://registry.npmjs.org/proxy-from-env/-/proxy-from-env-1.1.0.tgz 116ms (cache miss)
213 http fetch GET 200 https://registry.npmjs.org/hasown/-/hasown-2.0.2.tgz 122ms (cache miss)
214 http fetch GET 200 https://registry.npmjs.org/typpy/-/typpy-2.3.11.tgz 119ms (cache miss)
215 http fetch GET 200 https://registry.npmjs.org/delayed-stream/-/delayed-stream-1.0.0.tgz 124ms (cache miss)
216 http fetch GET 200 https://registry.npmjs.org/follow-redirects/-/follow-redirects-1.15.9.tgz 126ms (cache miss)
217 http fetch GET 200 https://registry.npmjs.org/asynckit/-/asynckit-0.4.0.tgz 128ms (cache miss)
218 http fetch GET 200 https://registry.npmjs.org/es-object-atoms/-/es-object-atoms-1.1.1.tgz 140ms (cache miss)
219 http fetch GET 200 https://registry.npmjs.org/es-define-property/-/es-define-property-1.0.1.tgz 140ms (cache miss)
220 http fetch GET 200 https://registry.npmjs.org/has-symbols/-/has-symbols-1.1.0.tgz 143ms (cache miss)
221 http fetch GET 200 https://registry.npmjs.org/form-data/-/form-data-4.0.3.tgz 135ms (cache miss)
222 http fetch GET 200 https://registry.npmjs.org/es-errors/-/es-errors-1.3.0.tgz 141ms (cache miss)
223 http fetch GET 200 https://registry.npmjs.org/has-tostringtag/-/has-tostringtag-1.0.2.tgz 142ms (cache miss)
224 http fetch GET 200 https://registry.npmjs.org/get-intrinsic/-/get-intrinsic-1.3.0.tgz 142ms (cache miss)
225 http fetch GET 200 https://registry.npmjs.org/call-bind-apply-helpers/-/call-bind-apply-helpers-1.0.2.tgz 145ms (cache miss)
226 http fetch GET 200 https://registry.npmjs.org/math-intrinsics/-/math-intrinsics-1.1.0.tgz 149ms (cache miss)
227 http fetch GET 200 https://registry.npmjs.org/mustache/-/mustache-2.3.2.tgz 138ms (cache miss)
228 http fetch GET 200 https://registry.npmjs.org/auto-parse/-/auto-parse-1.8.0.tgz 141ms (cache miss)
229 http fetch GET 200 https://registry.npmjs.org/axios/-/axios-0.22.0.tgz 146ms (cache miss)
230 http fetch GET 200 https://registry.npmjs.org/axios/-/axios-1.10.0.tgz 161ms (cache miss)
231 http fetch GET 200 https://registry.npmjs.org/node-buffers/-/node-buffers-0.1.1.tgz 787ms (cache miss)
232 http fetch GET 200 https://registry.npmjs.org/@mhoc/axios-digest-auth/-/axios-digest-auth-0.8.0.tgz 990ms (cache miss)
233 http fetch GET 200 https://registry.npmjs.org/node-red-contrib-multipart-stream-decoder/-/node-red-contrib-multipart-stream-decoder-1.0.0.tgz 1403ms (cache miss)
234 silly ADD node_modules/noop6
235 silly ADD node_modules/function.name
236 silly ADD node_modules/dunder-proto
237 silly ADD node_modules/math-intrinsics
238 silly ADD node_modules/has-symbols
239 silly ADD node_modules/gopd
240 silly ADD node_modules/get-proto
241 silly ADD node_modules/function-bind
242 silly ADD node_modules/es-object-atoms
243 silly ADD node_modules/es-define-property
244 silly ADD node_modules/call-bind-apply-helpers
245 silly ADD node_modules/has-tostringtag
246 silly ADD node_modules/get-intrinsic
247 silly ADD node_modules/es-errors
248 silly ADD node_modules/delayed-stream
249 silly ADD node_modules/hasown
250 silly ADD node_modules/es-set-tostringtag
251 silly ADD node_modules/combined-stream
252 silly ADD node_modules/asynckit
253 silly ADD node_modules/proxy-from-env
254 silly ADD node_modules/form-data
255 silly ADD node_modules/follow-redirects
256 silly ADD node_modules/typpy
257 silly ADD node_modules/node-buffers
258 silly ADD node_modules/axios
259 silly ADD node_modules/auto-parse
260 silly ADD node_modules/@mhoc/axios-digest-auth
261 silly ADD node_modules/@mhoc/axios-digest-auth/node_modules/axios
262 silly ADD node_modules/node-red-contrib-multipart-stream-decoder
263 silly ADD node_modules/node-red-contrib-multipart-stream-decoder/node_modules/mustache
264 verbose cwd /data
265 verbose os Linux 6.8.0-60-generic
266 verbose node v20.19.0
267 verbose npm  v10.8.2
268 verbose exit 0
269 info ok
