0 verbose cli /usr/local/bin/node /usr/local/bin/npm
1 info using npm@10.8.2
2 info using node@v20.19.0
3 silly config load:file:/usr/local/lib/node_modules/npm/npmrc
4 silly config load:file:/data/.npmrc
5 silly config load:file:/usr/src/node-red/.npmrc
6 silly config load:file:/usr/local/etc/npmrc
7 verbose title npm remove node-red-contrib-multipart-stream-decoder
8 verbose argv "remove" "--no-audit" "--no-update-notifier" "--no-fund" "--save" "node-red-contrib-multipart-stream-decoder"
9 verbose logfile logs-max:10 dir:/data/.npm/_logs/2025-07-17T07_56_26_876Z-
10 verbose logfile /data/.npm/_logs/2025-07-17T07_56_26_876Z-debug-0.log
11 silly packumentCache heap:4345298944 maxSize:1086324736 maxEntrySize:543162368
12 silly logfile start cleaning logs, removing 1 files
13 silly logfile done cleaning log files
14 silly idealTree buildDeps
15 silly reify mark retired [ '/data/node_modules/@mhoc/axios-digest-auth' ]
16 silly reify mark retired [ '/data/node_modules/asynckit' ]
17 silly reify mark retired [ '/data/node_modules/auto-parse' ]
18 silly reify mark retired [ '/data/node_modules/axios' ]
19 silly reify mark retired [ '/data/node_modules/call-bind-apply-helpers' ]
20 silly reify mark retired [ '/data/node_modules/combined-stream' ]
21 silly reify mark retired [ '/data/node_modules/delayed-stream' ]
22 silly reify mark retired [ '/data/node_modules/dunder-proto' ]
23 silly reify mark retired [ '/data/node_modules/es-define-property' ]
24 silly reify mark retired [ '/data/node_modules/es-errors' ]
25 silly reify mark retired [ '/data/node_modules/es-object-atoms' ]
26 silly reify mark retired [ '/data/node_modules/es-set-tostringtag' ]
27 silly reify mark retired [ '/data/node_modules/follow-redirects' ]
28 silly reify mark retired [ '/data/node_modules/form-data' ]
29 silly reify mark retired [ '/data/node_modules/function-bind' ]
30 silly reify mark retired [ '/data/node_modules/function.name' ]
31 silly reify mark retired [ '/data/node_modules/get-intrinsic' ]
32 silly reify mark retired [ '/data/node_modules/get-proto' ]
33 silly reify mark retired [ '/data/node_modules/gopd' ]
34 silly reify mark retired [ '/data/node_modules/has-symbols' ]
35 silly reify mark retired [ '/data/node_modules/has-tostringtag' ]
36 silly reify mark retired [ '/data/node_modules/hasown' ]
37 silly reify mark retired [ '/data/node_modules/math-intrinsics' ]
38 silly reify mark retired [ '/data/node_modules/node-buffers' ]
39 silly reify mark retired [ '/data/node_modules/node-red-contrib-multipart-stream-decoder' ]
40 silly reify mark retired [ '/data/node_modules/noop6' ]
41 silly reify mark retired [ '/data/node_modules/proxy-from-env' ]
42 silly reify mark retired [ '/data/node_modules/typpy' ]
43 silly reify moves {
43 silly reify   '/data/node_modules/@mhoc/axios-digest-auth': '/data/node_modules/@mhoc/.axios-digest-auth-wLQQcFwM',
43 silly reify   '/data/node_modules/asynckit': '/data/node_modules/.asynckit-fWfEfcP5',
43 silly reify   '/data/node_modules/auto-parse': '/data/node_modules/.auto-parse-vZxDUaDp',
43 silly reify   '/data/node_modules/axios': '/data/node_modules/.axios-zQJ0VzMj',
43 silly reify   '/data/node_modules/call-bind-apply-helpers': '/data/node_modules/.call-bind-apply-helpers-tgniXrFt',
43 silly reify   '/data/node_modules/combined-stream': '/data/node_modules/.combined-stream-0zmoVf8j',
43 silly reify   '/data/node_modules/delayed-stream': '/data/node_modules/.delayed-stream-RwPyxr6p',
43 silly reify   '/data/node_modules/dunder-proto': '/data/node_modules/.dunder-proto-Q8sTm0ki',
43 silly reify   '/data/node_modules/es-define-property': '/data/node_modules/.es-define-property-IEVHdp4Z',
43 silly reify   '/data/node_modules/es-errors': '/data/node_modules/.es-errors-2sMHs2CU',
43 silly reify   '/data/node_modules/es-object-atoms': '/data/node_modules/.es-object-atoms-CvCWAMFj',
43 silly reify   '/data/node_modules/es-set-tostringtag': '/data/node_modules/.es-set-tostringtag-9MaL3Dve',
43 silly reify   '/data/node_modules/follow-redirects': '/data/node_modules/.follow-redirects-A0Z0RHjx',
43 silly reify   '/data/node_modules/form-data': '/data/node_modules/.form-data-VxlkrdGS',
43 silly reify   '/data/node_modules/function-bind': '/data/node_modules/.function-bind-8LMoDvai',
43 silly reify   '/data/node_modules/function.name': '/data/node_modules/.function.name-hCHJtvOK',
43 silly reify   '/data/node_modules/get-intrinsic': '/data/node_modules/.get-intrinsic-y5kFVvYI',
43 silly reify   '/data/node_modules/get-proto': '/data/node_modules/.get-proto-l2byuRli',
43 silly reify   '/data/node_modules/gopd': '/data/node_modules/.gopd-mT5X6yfP',
43 silly reify   '/data/node_modules/has-symbols': '/data/node_modules/.has-symbols-6o5YgQnL',
43 silly reify   '/data/node_modules/has-tostringtag': '/data/node_modules/.has-tostringtag-udI1voPK',
43 silly reify   '/data/node_modules/hasown': '/data/node_modules/.hasown-7vUUDMas',
43 silly reify   '/data/node_modules/math-intrinsics': '/data/node_modules/.math-intrinsics-fi0YAEMp',
43 silly reify   '/data/node_modules/node-buffers': '/data/node_modules/.node-buffers-Ap1gNwGw',
43 silly reify   '/data/node_modules/node-red-contrib-multipart-stream-decoder': '/data/node_modules/.node-red-contrib-multipart-stream-decoder-NbkJWFiO',
43 silly reify   '/data/node_modules/noop6': '/data/node_modules/.noop6-pGg1BMHn',
43 silly reify   '/data/node_modules/proxy-from-env': '/data/node_modules/.proxy-from-env-QIsPg7Bq',
43 silly reify   '/data/node_modules/typpy': '/data/node_modules/.typpy-ona5Y7Vo'
43 silly reify }
44 silly REMOVE node_modules/typpy
45 silly REMOVE node_modules/proxy-from-env
46 silly REMOVE node_modules/noop6
47 silly REMOVE node_modules/node-red-contrib-multipart-stream-decoder
48 silly REMOVE node_modules/node-red-contrib-multipart-stream-decoder/node_modules/mustache
49 silly REMOVE node_modules/node-buffers
50 silly REMOVE node_modules/math-intrinsics
51 silly REMOVE node_modules/hasown
52 silly REMOVE node_modules/has-tostringtag
53 silly REMOVE node_modules/has-symbols
54 silly REMOVE node_modules/gopd
55 silly REMOVE node_modules/get-proto
56 silly REMOVE node_modules/get-intrinsic
57 silly REMOVE node_modules/function.name
58 silly REMOVE node_modules/function-bind
59 silly REMOVE node_modules/form-data
60 silly REMOVE node_modules/follow-redirects
61 silly REMOVE node_modules/es-set-tostringtag
62 silly REMOVE node_modules/es-object-atoms
63 silly REMOVE node_modules/es-errors
64 silly REMOVE node_modules/es-define-property
65 silly REMOVE node_modules/dunder-proto
66 silly REMOVE node_modules/delayed-stream
67 silly REMOVE node_modules/combined-stream
68 silly REMOVE node_modules/call-bind-apply-helpers
69 silly REMOVE node_modules/axios
70 silly REMOVE node_modules/auto-parse
71 silly REMOVE node_modules/asynckit
72 silly REMOVE node_modules/@mhoc/axios-digest-auth
73 silly REMOVE node_modules/@mhoc/axios-digest-auth/node_modules/axios
74 verbose cwd /data
75 verbose os Linux 6.8.0-64-generic
76 verbose node v20.19.0
77 verbose npm  v10.8.2
78 verbose exit 0
79 info ok
